{
    "login": "Test Full Name",
    "password": "testLogin"
}
